******************************************************************************
                  TI ARM Linker PC v20.2.7                     
******************************************************************************
>> Linked Fri Nov 17 13:58:23 2023

OUTPUT FILE NAME:   <Lab8D2.out>
ENTRY POINT SYMBOL: "_c_int00_noargs"  address: 00000905


MEMORY CONFIGURATION

         name            origin    length      used     unused   attr    fill
----------------------  --------  ---------  --------  --------  ----  --------
  FLASH                 00000000   00040000  00000b38  0003f4c8  R  X
  SRAM                  20000000   00008000  00000211  00007def  RW X


SEGMENT ALLOCATION MAP

run origin  load origin   length   init length attrs members
----------  ----------- ---------- ----------- ----- -------
00000000    00000000    00000b3c   00000b3c    r-x
  00000000    00000000    0000026c   0000026c    r-- .intvecs
  0000026c    0000026c    000007bc   000007bc    r-x .text
  00000a28    00000a28    000000fc   000000fc    r-- .const
  00000b28    00000b28    00000014   00000014    r-- .cinit
20000000    20000000    00000211   00000000    rw-
  20000000    20000000    00000200   00000000    rw- .stack
  20000200    20000200    00000011   00000000    rw- .bss


SECTION ALLOCATION MAP

 output                                  attributes/
section   page    origin      length       input sections
--------  ----  ----------  ----------   ----------------
.intvecs   0    00000000    0000026c     
                  00000000    0000026c     tm4c123gh6pm_startup_ccs.obj (.intvecs)

.text      0    0000026c    000007bc     
                  0000026c    00000258     main.obj (.text)
                  000004c4    00000132     driverlib.lib : gpio.obj (.text:GPIOPadConfigSet)
                  000005f6    00000002     --HOLE-- [fill = 0]
                  000005f8    00000110                   : sysctl.obj (.text:SysCtlClockGet)
                  00000708    000000f4                   : sysctl.obj (.text:SysCtlClockSet)
                  000007fc    00000048                   : gpio.obj (.text:GPIOPinConfigure)
                  00000844    00000046                   : uart.obj (.text:UARTConfigSetExpClk)
                  0000088a    00000002     --HOLE-- [fill = 0]
                  0000088c    00000044     rtsv7M4_T_le_v4SPD16_eabi.lib : autoinit.c.obj (.text:__TI_auto_init_nobinit_nopinit:__TI_auto_init_nobinit_nopinit)
                  000008d0    00000034     driverlib.lib : sysctl.obj (.text:SysCtlPeripheralEnable)
                  00000904    00000034     rtsv7M4_T_le_v4SPD16_eabi.lib : boot_cortex_m.c.obj (.text:_c_int00_noargs:_c_int00_noargs)
                  00000938    0000002a     driverlib.lib : gpio.obj (.text:GPIODirModeSet)
                  00000962    00000002     --HOLE-- [fill = 0]
                  00000964    00000020                   : uart.obj (.text:UARTDisable)
                  00000984    0000001c     rtsv7M4_T_le_v4SPD16_eabi.lib : copy_zero_init.c.obj (.text:decompress:ZI:__TI_zero_init_nomemset:__TI_zero_init_nomemset)
                  000009a0    00000018     driverlib.lib : gpio.obj (.text:GPIOPinTypeGPIOOutput)
                  000009b8    00000014                   : uart.obj (.text:UARTEnable)
                  000009cc    00000012                   : gpio.obj (.text:GPIOPinTypeGPIOInput)
                  000009de    00000012                   : gpio.obj (.text:GPIOPinTypeUART)
                  000009f0    0000000c     tm4c123gh6pm_startup_ccs.obj (.text)
                  000009fc    0000000a     driverlib.lib : uart.obj (.text:UARTCharPut)
                  00000a06    00000008                   : uart.obj (.text:UARTBusy)
                  00000a0e    00000006                   : gpio.obj (.text:GPIOPinRead)
                  00000a14    00000006                   : gpio.obj (.text:GPIOPinWrite)
                  00000a1a    00000006                   : sysctl.obj (.text:SysCtlDelay)
                  00000a20    00000004     rtsv7M4_T_le_v4SPD16_eabi.lib : pre_init.c.obj (.text:_system_pre_init)
                  00000a24    00000004                                   : exit.c.obj (.text:abort:abort)

.const     0    00000a28    000000fc     
                  00000a28    00000090     driverlib.lib : gpio.obj (.const:g_pui32GPIOBaseAddrs)
                  00000ab8    0000006c                   : sysctl.obj (.const:g_pui32Xtals)

.cinit     0    00000b28    00000014     
                  00000b28    00000008     (.cinit..bss.load) [load image, compression = zero_init]
                  00000b30    00000004     (__TI_handler_table)
                  00000b34    00000008     (__TI_cinit_table)

.init_array 
*          0    00000000    00000000     UNINITIALIZED

.bss       0    20000200    00000011     UNINITIALIZED
                  20000200    00000004     (.common:p1)
                  20000204    00000004     (.common:p2)
                  20000208    00000004     (.common:p3)
                  2000020c    00000004     (.common:p4)
                  20000210    00000001     (.common:PSTATUS)

.stack     0    20000000    00000200     UNINITIALIZED
                  20000000    00000004     rtsv7M4_T_le_v4SPD16_eabi.lib : boot_cortex_m.c.obj (.stack)
                  20000004    000001fc     --HOLE--

__llvm_prf_cnts 
*          0    20000000    00000000     UNINITIALIZED

MODULE SUMMARY

       Module                         code   ro data   rw data
       ------                         ----   -------   -------
    .\
       tm4c123gh6pm_startup_ccs.obj   12     620       0      
       main.obj                       600    0         17     
    +--+------------------------------+------+---------+---------+
       Total:                         612    620       17     
                                                              
    C:/ti/TivaWare_C_Series-2.1.4.178/driverlib/ccs/Debug/driverlib.lib
       sysctl.obj                     574    108       0      
       gpio.obj                       492    144       0      
       uart.obj                       140    0         0      
    +--+------------------------------+------+---------+---------+
       Total:                         1206   252       0      
                                                              
    C:\ti\ccs1250\ccs\tools\compiler\ti-cgt-arm_20.2.7.LTS\lib\rtsv7M4_T_le_v4SPD16_eabi.lib
       autoinit.c.obj                 68     0         0      
       boot_cortex_m.c.obj            52     0         0      
       copy_zero_init.c.obj           28     0         0      
       exit.c.obj                     4      0         0      
       pre_init.c.obj                 4      0         0      
    +--+------------------------------+------+---------+---------+
       Total:                         156    0         0      
                                                              
       Stack:                         0      0         512    
       Linker Generated:              0      20        0      
    +--+------------------------------+------+---------+---------+
       Grand Total:                   1974   892       529    


LINKER GENERATED COPY TABLES

__TI_cinit_table @ 00000b34 records: 1, size/record: 8, table size: 8
	.bss: load addr=00000b28, load size=00000008 bytes, run addr=20000200, run size=00000011 bytes, compression=zero_init


LINKER GENERATED HANDLER TABLE

__TI_handler_table @ 00000b30 records: 1, size/record: 4, table size: 4
	index: 0, handler: __TI_zero_init


GLOBAL SYMBOLS: SORTED ALPHABETICALLY BY Name 

address   name                          
-------   ----                          
00000a25  C$$EXIT                       
00000939  GPIODirModeSet                
000004c5  GPIOPadConfigSet              
000007fd  GPIOPinConfigure              
00000a0f  GPIOPinRead                   
000009cd  GPIOPinTypeGPIOInput          
000009a1  GPIOPinTypeGPIOOutput         
000009df  GPIOPinTypeUART               
00000a15  GPIOPinWrite                  
20000210  PSTATUS                       
000009f1  ResetISR                      
000005f9  SysCtlClockGet                
00000709  SysCtlClockSet                
00000a1b  SysCtlDelay                   
000008d1  SysCtlPeripheralEnable        
00000421  UART1_Init                    
0000045f  UART1_WriteChar               
00000a07  UARTBusy                      
000009fd  UARTCharPut                   
00000845  UARTConfigSetExpClk           
00000965  UARTDisable                   
000009b9  UARTEnable                    
20000200  __STACK_END                   
00000200  __STACK_SIZE                  
20000200  __STACK_TOP                   
00000b34  __TI_CINIT_Base               
00000b3c  __TI_CINIT_Limit              
00000b30  __TI_Handler_Table_Base       
00000b34  __TI_Handler_Table_Limit      
0000088d  __TI_auto_init_nobinit_nopinit
ffffffff  __TI_pprof_out_hndl           
ffffffff  __TI_prof_data_size           
ffffffff  __TI_prof_data_start          
00000000  __TI_static_base__            
00000985  __TI_zero_init_nomemset       
ffffffff  __binit__                     
ffffffff  __c_args__                    
UNDEFED   __mpu_init                    
20000000  __stack                       
20000000  __start___llvm_prf_cnts       
20000000  __stop___llvm_prf_cnts        
00000905  _c_int00_noargs               
UNDEFED   _system_post_cinit            
00000a21  _system_pre_init              
00000a25  abort                         
ffffffff  binit                         
00000000  g_pfnVectors                  
0000026d  main                          
20000200  p1                            
20000204  p2                            
20000208  p3                            
2000020c  p4                            


GLOBAL SYMBOLS: SORTED BY Symbol Address 

address   name                          
-------   ----                          
00000000  __TI_static_base__            
00000000  g_pfnVectors                  
00000200  __STACK_SIZE                  
0000026d  main                          
00000421  UART1_Init                    
0000045f  UART1_WriteChar               
000004c5  GPIOPadConfigSet              
000005f9  SysCtlClockGet                
00000709  SysCtlClockSet                
000007fd  GPIOPinConfigure              
00000845  UARTConfigSetExpClk           
0000088d  __TI_auto_init_nobinit_nopinit
000008d1  SysCtlPeripheralEnable        
00000905  _c_int00_noargs               
00000939  GPIODirModeSet                
00000965  UARTDisable                   
00000985  __TI_zero_init_nomemset       
000009a1  GPIOPinTypeGPIOOutput         
000009b9  UARTEnable                    
000009cd  GPIOPinTypeGPIOInput          
000009df  GPIOPinTypeUART               
000009f1  ResetISR                      
000009fd  UARTCharPut                   
00000a07  UARTBusy                      
00000a0f  GPIOPinRead                   
00000a15  GPIOPinWrite                  
00000a1b  SysCtlDelay                   
00000a21  _system_pre_init              
00000a25  C$$EXIT                       
00000a25  abort                         
00000b30  __TI_Handler_Table_Base       
00000b34  __TI_CINIT_Base               
00000b34  __TI_Handler_Table_Limit      
00000b3c  __TI_CINIT_Limit              
20000000  __stack                       
20000000  __start___llvm_prf_cnts       
20000000  __stop___llvm_prf_cnts        
20000200  __STACK_END                   
20000200  __STACK_TOP                   
20000200  p1                            
20000204  p2                            
20000208  p3                            
2000020c  p4                            
20000210  PSTATUS                       
ffffffff  __TI_pprof_out_hndl           
ffffffff  __TI_prof_data_size           
ffffffff  __TI_prof_data_start          
ffffffff  __binit__                     
ffffffff  __c_args__                    
ffffffff  binit                         
UNDEFED   __mpu_init                    
UNDEFED   _system_post_cinit            

[52 symbols]
